// Jest Snapshot v1, https://jestjs.io/docs/snapshot-testing

exports[`UserNavigationComponent snapshots should match snapshot with default state 1`] = `
<div>
  <a
    class="block -m-2 lg:m-0 p-2 lg:p-0 font-medium text-xl lg:text-sm text-gray-400"
    data-testid="user-navigation-name"
  >
     firstname lastname

  </a>
  <a
    class="block -m-2 lg:m-0 p-2 lg:p-0 font-medium text-xl lg:text-sm lg:hover:text-indigo-500 cursor-pointer"
    data-testid="user-navigation-sign-out"
  >
     Sign out

  </a>
  
  
</div>
`;
